mode: set
aurora-backend/pkg/finance/calculator.go:7.59,8.22 1 1
aurora-backend/pkg/finance/calculator.go:8.22,10.3 1 1
aurora-backend/pkg/finance/calculator.go:11.2,13.27 3 1
aurora-backend/pkg/finance/calculator.go:13.27,16.3 2 1
aurora-backend/pkg/finance/calculator.go:17.2,17.12 1 1
aurora-backend/pkg/finance/calculator.go:22.45,23.21 1 1
aurora-backend/pkg/finance/calculator.go:23.21,25.3 1 1
aurora-backend/pkg/finance/calculator.go:27.2,31.55 4 1
aurora-backend/pkg/finance/calculator.go:31.55,33.3 1 1
aurora-backend/pkg/finance/calculator.go:35.2,35.27 1 1
aurora-backend/pkg/finance/calculator.go:35.27,38.28 3 1
aurora-backend/pkg/finance/calculator.go:38.28,40.4 1 1
aurora-backend/pkg/finance/calculator.go:41.3,41.20 1 1
aurora-backend/pkg/finance/calculator.go:41.20,44.4 2 1
aurora-backend/pkg/finance/calculator.go:44.9,47.4 2 1
aurora-backend/pkg/finance/calculator.go:49.2,49.22 1 0
aurora-backend/internal/domain/services/embedding_factory.go:14.65,15.16 1 1
aurora-backend/internal/domain/services/embedding_factory.go:15.16,17.3 1 1
aurora-backend/internal/domain/services/embedding_factory.go:19.2,19.31 1 1
aurora-backend/internal/domain/services/embedding_factory.go:20.21,21.34 1 1
aurora-backend/internal/domain/services/embedding_factory.go:21.34,24.4 2 1
aurora-backend/internal/domain/services/embedding_factory.go:25.3,25.79 1 1
aurora-backend/internal/domain/services/embedding_factory.go:26.16,28.75 2 1
aurora-backend/internal/domain/services/embedding_factory.go:31.2,32.35 2 1
aurora-backend/internal/domain/services/embedding_mock.go:9.57,11.16 2 1
aurora-backend/internal/domain/services/embedding_mock.go:11.16,13.3 1 1
aurora-backend/internal/domain/services/embedding_mock.go:14.2,15.27 2 1
aurora-backend/internal/domain/services/embedding_mock.go:15.27,19.3 3 1
aurora-backend/internal/domain/services/embedding_mock.go:20.2,20.12 1 1
aurora-backend/internal/domain/services/embedding_provider.go:23.56,25.2 1 1
aurora-backend/internal/domain/services/embedding_provider.go:27.50,29.2 1 1
aurora-backend/internal/domain/services/embedding_provider.go:31.71,33.2 1 1
aurora-backend/internal/domain/services/embedding_provider.go:42.90,43.17 1 1
aurora-backend/internal/domain/services/embedding_provider.go:43.17,45.3 1 1
aurora-backend/internal/domain/services/embedding_provider.go:46.2,50.3 1 1
aurora-backend/internal/domain/services/embedding_provider.go:53.57,55.2 1 1
aurora-backend/internal/domain/services/embedding_provider.go:57.78,62.16 4 1
aurora-backend/internal/domain/services/embedding_provider.go:62.16,64.3 1 0
aurora-backend/internal/domain/services/embedding_provider.go:65.2,69.16 4 1
aurora-backend/internal/domain/services/embedding_provider.go:69.16,71.3 1 0
aurora-backend/internal/domain/services/embedding_provider.go:72.2,75.28 3 1
aurora-backend/internal/domain/services/embedding_provider.go:75.28,77.3 1 1
aurora-backend/internal/domain/services/embedding_provider.go:79.2,80.16 2 1
aurora-backend/internal/domain/services/embedding_provider.go:80.16,82.3 1 0
aurora-backend/internal/domain/services/embedding_provider.go:83.2,83.44 1 1
aurora-backend/internal/domain/services/embedding_provider.go:83.44,85.3 1 1
aurora-backend/internal/domain/services/embedding_provider.go:86.2,86.17 1 1
aurora-backend/internal/domain/services/embedding_provider.go:89.54,92.82 2 1
aurora-backend/internal/domain/services/embedding_provider.go:92.82,93.62 1 1
aurora-backend/internal/domain/services/embedding_provider.go:93.62,95.4 1 1
aurora-backend/internal/domain/services/embedding_provider.go:99.2,100.68 2 1
aurora-backend/internal/domain/services/embedding_provider.go:100.68,102.26 2 1
aurora-backend/internal/domain/services/embedding_provider.go:102.26,104.4 1 1
aurora-backend/internal/domain/services/embedding_provider.go:105.3,105.18 1 1
aurora-backend/internal/domain/services/embedding_provider.go:109.2,110.70 2 1
aurora-backend/internal/domain/services/embedding_provider.go:110.70,112.3 1 1
aurora-backend/internal/domain/services/embedding_provider.go:114.2,114.74 1 1
aurora-backend/internal/domain/services/embedding_provider.go:117.41,118.17 1 1
aurora-backend/internal/domain/services/embedding_provider.go:118.17,120.3 1 1
aurora-backend/internal/domain/services/embedding_provider.go:121.2,121.36 1 1
aurora-backend/internal/domain/services/embedding_provider.go:124.45,125.22 1 1
aurora-backend/internal/domain/services/embedding_provider.go:125.22,127.3 1 1
aurora-backend/internal/domain/services/embedding_provider.go:128.2,130.29 3 1
aurora-backend/internal/domain/services/embedding_provider.go:130.29,131.25 1 1
aurora-backend/internal/domain/services/embedding_provider.go:131.25,132.15 1 1
aurora-backend/internal/domain/services/embedding_provider.go:132.15,134.5 1 1
aurora-backend/internal/domain/services/embedding_provider.go:137.2,138.21 2 1
aurora-backend/internal/domain/services/embedding_provider.go:138.21,140.3 1 1
aurora-backend/internal/domain/services/embedding_provider.go:141.2,141.12 1 1
aurora-backend/internal/domain/services/embedding_provider.go:151.81,157.2 1 1
aurora-backend/internal/domain/services/embedding_provider.go:159.52,161.2 1 1
aurora-backend/internal/domain/services/embedding_provider.go:163.73,169.16 3 1
aurora-backend/internal/domain/services/embedding_provider.go:169.16,171.3 1 0
aurora-backend/internal/domain/services/embedding_provider.go:172.2,175.28 3 1
aurora-backend/internal/domain/services/embedding_provider.go:175.28,177.3 1 1
aurora-backend/internal/domain/services/embedding_provider.go:179.2,182.53 2 1
aurora-backend/internal/domain/services/embedding_provider.go:182.53,184.3 1 1
aurora-backend/internal/domain/services/embedding_provider.go:185.2,186.37 2 1
aurora-backend/internal/domain/services/embedding_provider.go:186.37,188.3 1 1
aurora-backend/internal/domain/services/embedding_provider.go:190.2,190.43 1 1
aurora-backend/internal/domain/services/embedding_provider.go:190.43,192.3 1 1
aurora-backend/internal/domain/services/embedding_provider.go:192.8,192.50 1 1
aurora-backend/internal/domain/services/embedding_provider.go:192.50,196.3 3 1
aurora-backend/internal/domain/services/embedding_provider.go:197.2,197.17 1 1
aurora-backend/internal/domain/services/mga_xml_parser.go:55.53,58.2 2 1
aurora-backend/internal/domain/services/mga_xml_parser.go:60.96,70.2 3 1
aurora-backend/internal/domain/services/mga_xml_parser.go:72.57,73.54 1 1
aurora-backend/internal/domain/services/mga_xml_parser.go:73.54,75.3 1 1
aurora-backend/internal/domain/services/mga_xml_parser.go:76.2,80.4 1 1
aurora-backend/internal/domain/services/mga_xml_parser.go:84.102,86.16 2 1
aurora-backend/internal/domain/services/mga_xml_parser.go:86.16,88.3 1 1
aurora-backend/internal/domain/services/mga_xml_parser.go:90.2,98.73 3 1
aurora-backend/internal/domain/services/mga_xml_parser.go:98.73,98.94 1 0
aurora-backend/internal/domain/services/mga_xml_parser.go:100.2,111.6 2 1
aurora-backend/internal/domain/services/mga_xml_parser.go:111.6,113.20 2 1
aurora-backend/internal/domain/services/mga_xml_parser.go:113.20,114.9 1 1
aurora-backend/internal/domain/services/mga_xml_parser.go:116.3,116.17 1 1
aurora-backend/internal/domain/services/mga_xml_parser.go:116.17,118.4 1 1
aurora-backend/internal/domain/services/mga_xml_parser.go:120.3,121.10 2 1
aurora-backend/internal/domain/services/mga_xml_parser.go:121.10,122.12 1 1
aurora-backend/internal/domain/services/mga_xml_parser.go:124.3,126.16 2 1
aurora-backend/internal/domain/services/mga_xml_parser.go:127.48,128.32 1 1
aurora-backend/internal/domain/services/mga_xml_parser.go:128.32,130.71 2 1
aurora-backend/internal/domain/services/mga_xml_parser.go:130.71,132.6 1 0
aurora-backend/internal/domain/services/mga_xml_parser.go:134.31,135.27 1 1
aurora-backend/internal/domain/services/mga_xml_parser.go:135.27,137.5 1 1
aurora-backend/internal/domain/services/mga_xml_parser.go:139.44,141.20 2 1
aurora-backend/internal/domain/services/mga_xml_parser.go:141.20,144.5 2 1
aurora-backend/internal/domain/services/mga_xml_parser.go:145.4,146.26 2 1
aurora-backend/internal/domain/services/mga_xml_parser.go:148.25,150.18 2 1
aurora-backend/internal/domain/services/mga_xml_parser.go:150.18,155.21 4 1
aurora-backend/internal/domain/services/mga_xml_parser.go:155.21,157.6 1 1
aurora-backend/internal/domain/services/mga_xml_parser.go:158.5,158.21 1 1
aurora-backend/internal/domain/services/mga_xml_parser.go:158.21,160.6 1 1
aurora-backend/internal/domain/services/mga_xml_parser.go:163.27,165.18 2 1
aurora-backend/internal/domain/services/mga_xml_parser.go:165.18,170.21 4 1
aurora-backend/internal/domain/services/mga_xml_parser.go:170.21,172.6 1 1
aurora-backend/internal/domain/services/mga_xml_parser.go:173.5,173.21 1 1
aurora-backend/internal/domain/services/mga_xml_parser.go:173.21,175.6 1 1
aurora-backend/internal/domain/services/mga_xml_parser.go:178.27,179.54 1 1
aurora-backend/internal/domain/services/mga_xml_parser.go:179.54,183.26 3 1
aurora-backend/internal/domain/services/mga_xml_parser.go:183.26,185.6 1 1
aurora-backend/internal/domain/services/mga_xml_parser.go:188.29,189.54 1 1
aurora-backend/internal/domain/services/mga_xml_parser.go:189.54,193.26 3 1
aurora-backend/internal/domain/services/mga_xml_parser.go:193.26,195.6 1 1
aurora-backend/internal/domain/services/mga_xml_parser.go:198.50,200.18 2 1
aurora-backend/internal/domain/services/mga_xml_parser.go:200.18,205.24 4 1
aurora-backend/internal/domain/services/mga_xml_parser.go:205.24,207.6 1 0
aurora-backend/internal/domain/services/mga_xml_parser.go:210.46,212.18 2 1
aurora-backend/internal/domain/services/mga_xml_parser.go:212.18,217.24 4 1
aurora-backend/internal/domain/services/mga_xml_parser.go:217.24,219.6 1 0
aurora-backend/internal/domain/services/mga_xml_parser.go:222.53,223.54 1 1
aurora-backend/internal/domain/services/mga_xml_parser.go:223.54,228.24 4 1
aurora-backend/internal/domain/services/mga_xml_parser.go:228.24,230.6 1 0
aurora-backend/internal/domain/services/mga_xml_parser.go:233.37,235.18 2 1
aurora-backend/internal/domain/services/mga_xml_parser.go:235.18,241.21 5 1
aurora-backend/internal/domain/services/mga_xml_parser.go:241.21,243.6 1 1
aurora-backend/internal/domain/services/mga_xml_parser.go:244.5,244.21 1 1
aurora-backend/internal/domain/services/mga_xml_parser.go:244.21,246.6 1 1
aurora-backend/internal/domain/services/mga_xml_parser.go:249.30,251.18 2 1
aurora-backend/internal/domain/services/mga_xml_parser.go:251.18,257.21 5 1
aurora-backend/internal/domain/services/mga_xml_parser.go:257.21,259.6 1 0
aurora-backend/internal/domain/services/mga_xml_parser.go:260.5,260.21 1 1
aurora-backend/internal/domain/services/mga_xml_parser.go:260.21,262.6 1 0
aurora-backend/internal/domain/services/mga_xml_parser.go:263.5,263.21 1 1
aurora-backend/internal/domain/services/mga_xml_parser.go:263.21,265.6 1 1
aurora-backend/internal/domain/services/mga_xml_parser.go:268.32,270.18 2 1
aurora-backend/internal/domain/services/mga_xml_parser.go:270.18,275.21 4 1
aurora-backend/internal/domain/services/mga_xml_parser.go:275.21,277.6 1 0
aurora-backend/internal/domain/services/mga_xml_parser.go:278.5,278.21 1 1
aurora-backend/internal/domain/services/mga_xml_parser.go:278.21,280.6 1 0
aurora-backend/internal/domain/services/mga_xml_parser.go:281.5,281.21 1 1
aurora-backend/internal/domain/services/mga_xml_parser.go:281.21,283.6 1 1
aurora-backend/internal/domain/services/mga_xml_parser.go:286.39,287.54 1 1
aurora-backend/internal/domain/services/mga_xml_parser.go:287.54,293.21 5 1
aurora-backend/internal/domain/services/mga_xml_parser.go:293.21,295.6 1 0
aurora-backend/internal/domain/services/mga_xml_parser.go:296.5,296.21 1 1
aurora-backend/internal/domain/services/mga_xml_parser.go:296.21,298.6 1 1
aurora-backend/internal/domain/services/mga_xml_parser.go:301.32,302.54 1 1
aurora-backend/internal/domain/services/mga_xml_parser.go:302.54,308.21 5 1
aurora-backend/internal/domain/services/mga_xml_parser.go:308.21,310.6 1 0
aurora-backend/internal/domain/services/mga_xml_parser.go:311.5,311.21 1 1
aurora-backend/internal/domain/services/mga_xml_parser.go:311.21,313.6 1 1
aurora-backend/internal/domain/services/mga_xml_parser.go:316.36,317.54 1 1
aurora-backend/internal/domain/services/mga_xml_parser.go:317.54,322.21 4 1
aurora-backend/internal/domain/services/mga_xml_parser.go:322.21,324.6 1 0
aurora-backend/internal/domain/services/mga_xml_parser.go:325.5,325.21 1 1
aurora-backend/internal/domain/services/mga_xml_parser.go:325.21,327.6 1 1
aurora-backend/internal/domain/services/mga_xml_parser.go:330.37,331.43 1 1
aurora-backend/internal/domain/services/mga_xml_parser.go:334.3,334.18 1 1
aurora-backend/internal/domain/services/mga_xml_parser.go:337.2,337.30 1 1
aurora-backend/internal/domain/services/mga_xml_parser.go:337.30,339.3 1 1
aurora-backend/internal/domain/services/mga_xml_parser.go:340.2,340.29 1 1
aurora-backend/internal/domain/services/mga_xml_parser.go:340.29,342.3 1 0
aurora-backend/internal/domain/services/mga_xml_parser.go:345.2,350.25 2 1
aurora-backend/internal/domain/services/mga_xml_parser.go:350.25,352.29 2 1
aurora-backend/internal/domain/services/mga_xml_parser.go:352.29,353.12 1 1
aurora-backend/internal/domain/services/mga_xml_parser.go:355.3,355.21 1 1
aurora-backend/internal/domain/services/mga_xml_parser.go:356.43,357.54 1 1
aurora-backend/internal/domain/services/mga_xml_parser.go:358.46,359.49 1 1
aurora-backend/internal/domain/services/mga_xml_parser.go:359.49,361.5 1 1
aurora-backend/internal/domain/services/mga_xml_parser.go:362.62,363.72 1 1
aurora-backend/internal/domain/services/mga_xml_parser.go:363.72,365.49 2 1
aurora-backend/internal/domain/services/mga_xml_parser.go:365.49,367.6 1 0
aurora-backend/internal/domain/services/mga_xml_parser.go:368.5,368.40 1 1
aurora-backend/internal/domain/services/mga_xml_parser.go:370.40,371.72 1 1
aurora-backend/internal/domain/services/mga_xml_parser.go:371.72,373.5 1 1
aurora-backend/internal/domain/services/mga_xml_parser.go:373.10,373.56 1 1
aurora-backend/internal/domain/services/mga_xml_parser.go:373.56,375.5 1 1
aurora-backend/internal/domain/services/mga_xml_parser.go:376.36,377.64 1 1
aurora-backend/internal/domain/services/mga_xml_parser.go:377.64,379.5 1 0
aurora-backend/internal/domain/services/mga_xml_parser.go:380.37,381.72 1 1
aurora-backend/internal/domain/services/mga_xml_parser.go:381.72,383.5 1 0
aurora-backend/internal/domain/services/mga_xml_parser.go:388.2,391.23 3 1
aurora-backend/internal/domain/services/mga_xml_parser.go:391.23,393.3 1 1
aurora-backend/internal/domain/services/mga_xml_parser.go:395.2,400.27 2 1
aurora-backend/internal/domain/services/mga_xml_parser.go:403.131,408.16 4 1
aurora-backend/internal/domain/services/mga_xml_parser.go:408.16,410.17 2 1
aurora-backend/internal/domain/services/mga_xml_parser.go:410.17,411.9 1 0
aurora-backend/internal/domain/services/mga_xml_parser.go:413.3,413.26 1 1
aurora-backend/internal/domain/services/mga_xml_parser.go:414.21,415.18 1 1
aurora-backend/internal/domain/services/mga_xml_parser.go:415.18,417.19 2 1
aurora-backend/internal/domain/services/mga_xml_parser.go:417.19,419.6 1 1
aurora-backend/internal/domain/services/mga_xml_parser.go:421.25,424.17 3 1
aurora-backend/internal/domain/services/mga_xml_parser.go:425.38,427.19 2 1
aurora-backend/internal/domain/services/mga_xml_parser.go:427.19,429.6 1 1
aurora-backend/internal/domain/services/mga_xml_parser.go:430.5,430.12 1 1
aurora-backend/internal/domain/services/mga_xml_parser.go:431.26,433.19 2 1
aurora-backend/internal/domain/services/mga_xml_parser.go:433.19,435.6 1 1
aurora-backend/internal/domain/services/mga_xml_parser.go:436.5,436.12 1 1
aurora-backend/internal/domain/services/mga_xml_parser.go:437.28,439.19 2 1
aurora-backend/internal/domain/services/mga_xml_parser.go:439.19,441.6 1 1
aurora-backend/internal/domain/services/mga_xml_parser.go:442.5,442.12 1 1
aurora-backend/internal/domain/services/mga_xml_parser.go:443.28,444.54 1 1
aurora-backend/internal/domain/services/mga_xml_parser.go:444.54,446.6 1 1
aurora-backend/internal/domain/services/mga_xml_parser.go:447.5,447.12 1 1
aurora-backend/internal/domain/services/mga_xml_parser.go:448.30,449.54 1 1
aurora-backend/internal/domain/services/mga_xml_parser.go:449.54,451.6 1 1
aurora-backend/internal/domain/services/mga_xml_parser.go:452.5,452.12 1 1
aurora-backend/internal/domain/services/mga_xml_parser.go:453.12,455.20 2 1
aurora-backend/internal/domain/services/mga_xml_parser.go:455.20,457.6 1 1
aurora-backend/internal/domain/services/mga_xml_parser.go:458.5,458.12 1 1
aurora-backend/internal/domain/services/mga_xml_parser.go:460.23,461.78 1 1
aurora-backend/internal/domain/services/mga_xml_parser.go:461.78,462.14 1 1
aurora-backend/internal/domain/services/mga_xml_parser.go:464.4,464.11 1 0
aurora-backend/internal/domain/services/mga_xml_parser.go:469.2,470.19 2 1
aurora-backend/internal/domain/services/mga_xml_parser.go:470.19,473.3 1 1
aurora-backend/internal/domain/services/mga_xml_parser.go:475.2,475.34 1 1
aurora-backend/internal/domain/services/mga_xml_parser.go:475.34,479.22 3 1
aurora-backend/internal/domain/services/mga_xml_parser.go:479.22,481.4 1 1
aurora-backend/internal/domain/services/mga_xml_parser.go:483.2,483.35 1 1
aurora-backend/internal/domain/services/mga_xml_parser.go:483.35,487.22 3 1
aurora-backend/internal/domain/services/mga_xml_parser.go:487.22,489.4 1 1
aurora-backend/internal/domain/services/mga_xml_parser.go:491.2,491.35 1 1
aurora-backend/internal/domain/services/mga_xml_parser.go:494.64,495.26 1 1
aurora-backend/internal/domain/services/mga_xml_parser.go:495.26,496.61 1 1
aurora-backend/internal/domain/services/mga_xml_parser.go:496.61,498.4 1 1
aurora-backend/internal/domain/services/mga_xml_parser.go:500.2,500.14 1 1
aurora-backend/internal/domain/services/mga_xml_parser.go:503.116,505.31 2 1
aurora-backend/internal/domain/services/mga_xml_parser.go:505.31,507.3 1 1
aurora-backend/internal/domain/services/mga_xml_parser.go:508.2,509.16 2 1
aurora-backend/internal/domain/services/mga_xml_parser.go:509.16,511.17 2 1
aurora-backend/internal/domain/services/mga_xml_parser.go:511.17,513.4 1 0
aurora-backend/internal/domain/services/mga_xml_parser.go:514.3,514.26 1 1
aurora-backend/internal/domain/services/mga_xml_parser.go:515.25,517.18 2 1
aurora-backend/internal/domain/services/mga_xml_parser.go:517.18,518.54 1 1
aurora-backend/internal/domain/services/mga_xml_parser.go:518.54,520.20 2 1
aurora-backend/internal/domain/services/mga_xml_parser.go:520.20,522.7 1 1
aurora-backend/internal/domain/services/mga_xml_parser.go:523.6,523.13 1 1
aurora-backend/internal/domain/services/mga_xml_parser.go:526.23,527.78 1 1
aurora-backend/internal/domain/services/mga_xml_parser.go:527.78,529.5 1 1
aurora-backend/internal/domain/services/mga_xml_parser.go:530.4,530.11 1 0
aurora-backend/internal/domain/services/mga_xml_parser.go:535.71,538.16 3 1
aurora-backend/internal/domain/services/mga_xml_parser.go:538.16,540.17 2 1
aurora-backend/internal/domain/services/mga_xml_parser.go:540.17,541.9 1 1
aurora-backend/internal/domain/services/mga_xml_parser.go:543.3,543.26 1 1
aurora-backend/internal/domain/services/mga_xml_parser.go:544.21,545.14 1 1
aurora-backend/internal/domain/services/mga_xml_parser.go:546.25,550.11 4 1
aurora-backend/internal/domain/services/mga_xml_parser.go:551.23,552.76 1 1
aurora-backend/internal/domain/services/mga_xml_parser.go:552.76,554.5 1 1
aurora-backend/internal/domain/services/mga_xml_parser.go:555.4,555.11 1 0
aurora-backend/internal/domain/services/mga_xml_parser.go:558.2,558.19 1 1
aurora-backend/internal/domain/services/mga_xml_parser.go:561.36,562.47 1 1
aurora-backend/internal/domain/services/mga_xml_parser.go:562.47,564.3 1 1
aurora-backend/internal/domain/services/mga_xml_parser.go:565.2,565.13 1 1
aurora-backend/internal/domain/services/mga_xml_parser.go:570.33,574.2 3 1
aurora-backend/internal/domain/services/mga_xml_parser.go:576.41,582.16 6 1
aurora-backend/internal/domain/services/mga_xml_parser.go:582.16,584.3 1 1
aurora-backend/internal/domain/services/mga_xml_parser.go:585.2,585.21 1 1
aurora-backend/internal/domain/services/mga_xml_parser.go:585.21,587.3 1 1
aurora-backend/internal/domain/services/mga_xml_parser.go:588.2,588.13 1 1
aurora-backend/internal/domain/services/telemetry_service.go:23.88,25.2 1 1
aurora-backend/internal/domain/services/telemetry_service.go:34.57,36.2 1 1
aurora-backend/internal/domain/services/telemetry_service.go:39.93,40.20 1 1
aurora-backend/internal/domain/services/telemetry_service.go:40.20,42.3 1 1
aurora-backend/internal/domain/services/telemetry_service.go:43.2,48.10 3 1
aurora-backend/internal/domain/services/telemetry_service.go:51.37,52.26 1 1
aurora-backend/internal/domain/services/telemetry_service.go:52.26,54.52 2 1
aurora-backend/internal/domain/services/telemetry_service.go:54.52,56.4 1 1
aurora-backend/internal/domain/services/telemetry_service.go:57.3,57.11 1 1
aurora-backend/internal/domain/services/telemetry_service.go:62.36,64.2 1 1
aurora-backend/internal/domain/services/telemetry_service.go:67.76,75.9 2 1
aurora-backend/internal/domain/services/telemetry_service.go:76.21,76.21 0 1
aurora-backend/internal/domain/services/telemetry_service.go:77.10,78.32 1 1
aurora-backend/internal/domain/services/telemetry_service.go:78.32,81.49 3 1
aurora-backend/internal/domain/services/telemetry_service.go:81.49,83.5 1 1
aurora-backend/internal/domain/services/telemetry_service.go:89.102,97.2 1 1
